{
  "Usage": {
    "metric_id": "00000000-0000-0000-0000-000000000000",
    "pricing": {
      "Package": {
        "block_size": 10,
        "rate": "1.00"
      }
    }
  }
}