{
  "OneTime": {
    "unit_price": "1.00",
    "quantity": 1
  }
}