{
  "Usage": {
    "metric_id": "00000000-0000-0000-0000-000000000000",
    "pricing": {
      "PerUnit": {
        "rate": "1.00"
      }
    }
  }
}