{
  "ExtraRecurring": {
    "unit_price": "1.00",
    "quantity": 1,
    "billing_type": "Advance",
    "cadence": "Monthly"
  }
}