{
  "Rate": {
    "rates": [
      {
        "term": "Monthly",
        "price": "1.00"
      }
    ]
  }
}