{
  "Image": {
    "url": "https://example.com/image.jpg"
  }
}