---
source: modules/meteroid/tests/integration/test_customer.rs
assertion_line: 376
expression: "&get_by_alias"
---
{
  "alias": "test-customer-rest",
  "bank_account_id": null,
  "billing_address": {
    "city": "Test City",
    "country": "Testland",
    "line1": "123 Test St",
    "zip_code": "12345"
  },
  "billing_email": "billing@meteroid.com",
  "currency": "EUR",
  "custom_vat_rate": 20,
  "id": "cus_xxx",
  "invoicing_emails": [
    "invoicing@meteroid.com"
  ],
  "invoicing_entity_id": "ive_xxx",
  "name": "Test Customer REST",
  "phone": "123456789",
  "shipping_address": {
    "same_as_billing": true
  },
  "vat_number": "VAT123456"
}
