---
source: modules/meteroid/tests/integration/test_customer.rs
expression: "&created"
---
{
  "alias": "test-customer-rest",
  "bank_account_id": null,
  "billing_address": {
    "city": "Test City",
    "country": "FR",
    "line1": "123 Test St",
    "zip_code": "12345"
  },
  "billing_email": "billing@meteroid.com",
  "currency": "EUR",
  "custom_taxes": [
    {
      "name": "Standard Tax",
      "rate": 20.0,
      "tax_code": "TAX001"
    }
  ],
  "id": "cus_xxx",
  "invoicing_emails": [
    "invoicing@meteroid.com"
  ],
  "invoicing_entity_id": "ive_xxx",
  "name": "Test Customer REST",
  "phone": "123456789",
  "shipping_address": {
    "same_as_billing": true
  },
  "vat_number": "VAT123456"
}
